A51 MACRO ASSEMBLER  KEYMATRIX                                                            05/11/2021 17:08:33 PAGE     1


MACRO ASSEMBLER A51 V8.02
OBJECT MODULE PLACED IN KEYMATRIX.OBJ
ASSEMBLER INVOKED BY: c:\keil\c51\bin\a51.exe  KEYMATRIX.ASM SET(SMALL) DEBUG EP

LOC  OBJ            LINE     SOURCE

0000                   1     ORG 00H
0000 900090            2     MOV DPTR,#LUT  
0003 74FF              3     MOV A,#11111111B  
0005 75A000            4     MOV P2,#00000000B  
                       5     
0008 7590FF            6     BACK:MOV P1,#11111111B  
000B C290              7          CLR P1.0   
000D 209404            8          JB P1.4,NEXT1   
0010 7400              9          MOV A,#0    
0012 118C             10          ACALL DISPLAY   
0014 209504           11     NEXT1:JB P1.5,NEXT2  
0017 7401             12           MOV A,#1
0019 118C             13           ACALL DISPLAY
001B 209604           14     NEXT2:JB P1.6,NEXT3
001E 7402             15           MOV A,#2
0020 118C             16           ACALL DISPLAY
0022 209704           17     NEXT3:JB P1.7,NEXT4
0025 7403             18           MOV A,#3
0027 118C             19           ACALL DISPLAY
0029 D290             20     NEXT4:SETB P1.0
002B C291             21           CLR P1.1
002D 209404           22           JB P1.4,NEXT5
0030 7404             23           MOV A,#4
0032 118C             24           ACALL DISPLAY
0034 209504           25     NEXT5:JB P1.5,NEXT6
0037 7405             26           MOV A,#5
0039 118C             27           ACALL DISPLAY
003B 209604           28     NEXT6:JB P1.6,NEXT7
003E 7406             29           MOV A,#6
0040 118C             30           ACALL DISPLAY
0042 209704           31     NEXT7:JB P1.7,NEXT8
0045 7407             32           MOV A,#7
0047 118C             33           ACALL DISPLAY
0049 D291             34     NEXT8:SETB P1.1
004B C292             35           CLR P1.2
004D 209404           36           JB P1.4,NEXT9
0050 7408             37           MOV A,#8
0052 118C             38           ACALL DISPLAY
0054 209504           39     NEXT9:JB P1.5,NEXT10
0057 7409             40           MOV A,#9
0059 118C             41           ACALL DISPLAY
005B 209604           42     NEXT10:JB P1.6,NEXT11
005E 740A             43            MOV A,#10
0060 118C             44            ACALL DISPLAY
0062 209704           45     NEXT11:JB P1.7,NEXT12
0065 740B             46            MOV A,#11
0067 118C             47            ACALL DISPLAY
0069 D292             48     NEXT12:SETB P1.2
006B C293             49            CLR P1.3
006D 209404           50            JB P1.4,NEXT13
0070 740C             51            MOV A,#12
0072 118C             52            ACALL DISPLAY
0074 209504           53     NEXT13:JB P1.5,NEXT14
0077 740D             54            MOV A,#13
0079 118C             55            ACALL DISPLAY
007B 209604           56     NEXT14:JB P1.6,NEXT15
007E 740E             57            MOV A,#14
0080 118C             58            ACALL DISPLAY
A51 MACRO ASSEMBLER  KEYMATRIX                                                            05/11/2021 17:08:33 PAGE     2

0082 209783           59     NEXT15:JB P1.7,BACK
0085 740F             60            MOV A,#15
0087 118C             61            ACALL DISPLAY
0089 020008           62            LJMP BACK
                      63     
008C 93               64     DISPLAY:MOVC A,@A+DPTR  
008D F5A0             65             MOV P2,A        
008F 22               66             RET
                      67     
0090 3F065B4F         68     LUT: DB 3FH, 06H, 5BH, 4FH, 66H, 6DH, 7DH, 07H, 7FH, 6FH, 77H, 7CH, 39H, 5EH, 79H, 71H, 40H
                                  ;Look up table starts here
0094 666D7D07                
0098 7F6F777C                
009C 395E7971                
00A0 40                      
                      69     
                      70          END
                             
A51 MACRO ASSEMBLER  KEYMATRIX                                                            05/11/2021 17:08:33 PAGE     3

SYMBOL TABLE LISTING
------ ----- -------


N A M E             T Y P E  V A L U E   ATTRIBUTES

BACK . . . . . . .  C ADDR   0008H   A   
DISPLAY. . . . . .  C ADDR   008CH   A   
LUT. . . . . . . .  C ADDR   0090H   A   
NEXT1. . . . . . .  C ADDR   0014H   A   
NEXT10 . . . . . .  C ADDR   005BH   A   
NEXT11 . . . . . .  C ADDR   0062H   A   
NEXT12 . . . . . .  C ADDR   0069H   A   
NEXT13 . . . . . .  C ADDR   0074H   A   
NEXT14 . . . . . .  C ADDR   007BH   A   
NEXT15 . . . . . .  C ADDR   0082H   A   
NEXT2. . . . . . .  C ADDR   001BH   A   
NEXT3. . . . . . .  C ADDR   0022H   A   
NEXT4. . . . . . .  C ADDR   0029H   A   
NEXT5. . . . . . .  C ADDR   0034H   A   
NEXT6. . . . . . .  C ADDR   003BH   A   
NEXT7. . . . . . .  C ADDR   0042H   A   
NEXT8. . . . . . .  C ADDR   0049H   A   
NEXT9. . . . . . .  C ADDR   0054H   A   
P1 . . . . . . . .  D ADDR   0090H   A   
P2 . . . . . . . .  D ADDR   00A0H   A   


REGISTER BANK(S) USED: 0 


ASSEMBLY COMPLETE.  0 WARNING(S), 0 ERROR(S)
